<?xml version="1.0" encoding="utf-8"?><testsuites><testsuite name="pytest" errors="0" failures="0" skipped="0" tests="45" time="18.441" timestamp="2025-05-09T02:16:56.199169-04:00" hostname="MacBook-Pro.local"><testcase classname="tests.functional.test_appt" name="test_get_upcoming_appt_not_found" time="0.235" /><testcase classname="tests.functional.test_appt" name="test_get_upcoming_appt" time="0.397" /><testcase classname="tests.functional.test_appt" name="test_get_appt_not_found" time="0.010" /><testcase classname="tests.functional.test_appt" name="test_get_appt" time="0.353" /><testcase classname="tests.functional.test_chat" name="test_get_current_chat_not_found" time="0.010" /><testcase classname="tests.functional.test_chat" name="test_get_current_chat" time="0.004" /><testcase classname="tests.functional.test_doctor" name="test_all_doctors_table_not_exist" time="0.006" /><testcase classname="tests.functional.test_doctor" name="test_all_doctors_empty_table" time="0.004" /><testcase classname="tests.functional.test_doctor" name="test_all_doctors" time="0.010" /><testcase classname="tests.functional.test_doctor" name="test_get_doctor_info" time="0.004" /><testcase classname="tests.functional.test_doctor" name="test_get_doctor_info_not_found" time="0.005" /><testcase classname="tests.functional.test_doctor" name="test_get_doctor_info_not_found_2" time="0.010" /><testcase classname="tests.functional.test_doctor" name="test_todays_patient_table_not_exist" time="0.004" /><testcase classname="tests.functional.test_doctor" name="test_todays_patient_bad_date" time="0.004" /><testcase classname="tests.functional.test_exercise" name="test_get_exercises_bad_sort" time="0.009" /><testcase classname="tests.functional.test_exercise" name="test_get_exercises" time="0.013" /><testcase classname="tests.functional.test_exercise" name="test_get_all_patient_exercises_table_not_found" time="0.005" /><testcase classname="tests.functional.test_exercise" name="test_get_all_patient_exercises_no_result" time="0.010" /><testcase classname="tests.functional.test_exercise" name="test_get_all_patient_exercises_bad_sort" time="0.008" /><testcase classname="tests.functional.test_exercise" name="test_get_all_patient_exercises" time="0.194" /><testcase classname="tests.functional.test_exercise" name="test_get_exercises_table_not_found" time="0.004" /><testcase classname="tests.integration.test_appointment_routes" name="test_appt_all" time="5.606" /><testcase classname="tests.integration.test_doctor_routes" name="test_dr_all" time="5.780" /><testcase classname="tests.integration.test_registration_routes" name="test_register_add_user" time="0.609" /><testcase classname="tests.integration.test_registration_routes" name="test_register_add_duplicate_user" time="1.174" /><testcase classname="tests.integration.test_registration_routes" name="test_register_incomplete" time="0.524" /><testcase classname="tests.integration.test_registration_routes" name="test_register_no_data" time="0.436" /><testcase classname="tests.integration.test_registration_routes" name="test_register_no_data_2" time="0.432" /><testcase classname="tests.integration.test_registration_routes" name="test_register_no_data_3" time="0.530" /><testcase classname="tests.integration.test_registration_routes" name="test_register_bad_acct_type" time="0.524" /><testcase classname="tests.integration.test_registration_routes" name="test_get_register" time="0.434" /><testcase classname="tests.unit.test_model_address" name="test_addr" time="0.001" /><testcase classname="tests.unit.test_model_appt" name="test_appt" time="0.150" /><testcase classname="tests.unit.test_model_appt" name="test_appt_detail" time="0.001" /><testcase classname="tests.unit.test_model_chat" name="test_chat" time="0.152" /><testcase classname="tests.unit.test_model_chat" name="test_chat_messages" time="0.001" /><testcase classname="tests.unit.test_model_exercise" name="test_exercise" time="0.000" /><testcase classname="tests.unit.test_model_exercise" name="test_patient_exercise" time="0.155" /><testcase classname="tests.unit.test_model_medical_record" name="test_medical_record" time="0.001" /><testcase classname="tests.unit.test_model_prescription" name="test_prescription" time="0.001" /><testcase classname="tests.unit.test_model_prescription" name="test_rx_med" time="0.001" /><testcase classname="tests.unit.test_model_prescription" name="test_inventory" time="0.079" /><testcase classname="tests.unit.test_model_user" name="test_user_patient" time="0.081" /><testcase classname="tests.unit.test_model_user" name="test_user_doc" time="0.078" /><testcase classname="tests.unit.test_model_user" name="test_user_pharm" time="0.079" /></testsuite></testsuites>